// Jest Snapshot v1, https://goo.gl/fbAQLP

exports[`ofType 1`] = `
Array [
  "ts-tests/ofType.ts/46,1 :
    Expected 1 arguments, but got 0.",
  "ts-tests/ofType.ts/49,1 :
    Expected 1 arguments, but got 2.",
  "ts-tests/ofType.ts/50,1 :
    Expected 1 arguments, but got 2.",
  "ts-tests/ofType.ts/51,1 :
    Expected 1 arguments, but got 2.",
  "ts-tests/ofType.ts/52,1 :
    Expected 1 arguments, but got 2.",
  "ts-tests/ofType.ts/53,1 :
    Expected 1 arguments, but got 2.",
  "ts-tests/ofType.ts/56,8 :
    Argument of type '5' is not assignable to parameter of type 'ActionCreator<string, any> | ActionCreator<string, any>[]'.",
  "ts-tests/ofType.ts/57,8 :
    Argument of type 'true' is not assignable to parameter of type 'ActionCreator<string, any> | ActionCreator<string, any>[]'.",
  "ts-tests/ofType.ts/58,8 :
    Argument of type '{}' is not assignable to parameter of type 'ActionCreator<string, any> | ActionCreator<string, any>[]'.
      Type '{}' is missing the following properties from type 'ActionCreator<string, any>': __tsdux_action__, type, action, create",
  "ts-tests/ofType.ts/59,8 :
    Argument of type '\\"abc\\"' is not assignable to parameter of type 'ActionCreator<string, any> | ActionCreator<string, any>[]'.",
  "ts-tests/ofType.ts/62,23 :
    Argument of type 'OperatorFunction<AnyAction, { readonly type: \\"Action0\\"; }>' is not assignable to parameter of type 'OperatorFunction<number, { readonly type: \\"Action0\\"; }>'.
      Type 'number' is not assignable to type 'AnyAction'.",
  "ts-tests/ofType.ts/63,23 :
    Argument of type 'OperatorFunction<AnyAction, never>' is not assignable to parameter of type 'OperatorFunction<number, never>'.
      Type 'number' is not assignable to type 'AnyAction'.",
  "ts-tests/ofType.ts/64,24 :
    Argument of type 'OperatorFunction<AnyAction, Action<\\"Action1\\", Pick<{ x: number; y: number; }, \\"x\\" | \\"y\\">>>' is not assignable to parameter of type 'OperatorFunction<boolean, Action<\\"Action1\\", Pick<{ x: number; y: number; }, \\"x\\" | \\"y\\">>>'.
      Type 'boolean' is not assignable to type 'AnyAction'.",
  "ts-tests/ofType.ts/65,24 :
    Argument of type 'OperatorFunction<AnyAction, Action<\\"Action2\\", Payload<{}>>>' is not assignable to parameter of type 'OperatorFunction<boolean, Action<\\"Action2\\", Payload<{}>>>'.
      Type 'boolean' is not assignable to type 'AnyAction'.",
  "ts-tests/ofType.ts/68,23 :
    Argument of type '<AC extends ActionCreator<string, any>>(actionCreators: AC | AC[]) => OperatorFunction<AnyAction, AC[\\"action\\"]>' is not assignable to parameter of type 'OperatorFunction<AnyAction, {}>'.
      Types of parameters 'actionCreators' and 'source' are incompatible.
        Type 'Observable<AnyAction>' is not assignable to type 'ActionCreator<string, any> | ActionCreator<string, any>[]'.
          Type 'Observable<AnyAction>' is missing the following properties from type 'ActionCreator<string, any>[]': length, pop, push, concat, and 15 more.",
  "ts-tests/ofType.ts/69,24 :
    Argument of type '<AC extends ActionCreator<string, any>>(actionCreators: AC | AC[]) => OperatorFunction<AnyAction, AC[\\"action\\"]>' is not assignable to parameter of type 'OperatorFunction<{ readonly type: \\"Action0\\"; }, {}>'.
      Types of parameters 'actionCreators' and 'source' are incompatible.
        Type 'Observable<{ readonly type: \\"Action0\\"; }>' is not assignable to type 'ActionCreator<string, any> | ActionCreator<string, any>[]'.
          Type 'Observable<{ readonly type: \\"Action0\\"; }>' is missing the following properties from type 'ActionCreator<string, any>[]': length, pop, push, concat, and 15 more.",
  "ts-tests/ofType.ts/70,30 :
    Argument of type '<AC extends ActionCreator<string, any>>(actionCreators: AC | AC[]) => OperatorFunction<AnyAction, AC[\\"action\\"]>' is not assignable to parameter of type 'OperatorFunction<AnyAction, {}>'.",
]
`;

exports[`toPayload 1`] = `
Array [
  "ts-tests/toPayload.ts/27,1 :
    Expected 0 arguments, but got 1.",
  "ts-tests/toPayload.ts/28,1 :
    Expected 0 arguments, but got 1.",
  "ts-tests/toPayload.ts/29,1 :
    Expected 0 arguments, but got 1.",
  "ts-tests/toPayload.ts/30,1 :
    Expected 0 arguments, but got 2.",
  "ts-tests/toPayload.ts/33,23 :
    Argument of type 'OperatorFunction<Action<string, Payload<any>>, any>' is not assignable to parameter of type 'OperatorFunction<{ readonly type: string; }, any>'.
      Type '{ readonly type: string; }' is not assignable to type 'Action<string, Payload<any>>'.
        Property 'payload' is missing in type '{ readonly type: string; }' but required in type 'Payload<any>'.",
  "ts-tests/toPayload.ts/36,30 :
    Argument of type '<PA extends Action<string, Payload<any>>>() => OperatorFunction<PA, PA[\\"payload\\"]>' is not assignable to parameter of type 'OperatorFunction<Action<string, Payload<any>>, {}>'.
      Type 'OperatorFunction<Action<string, Payload<any>>, any>' is missing the following properties from type 'Observable<{}>': _isScalar, source, operator, lift, and 6 more.",
]
`;
